This is pdfTeX, Version 3.141592653-2.6-1.40.27 (MiKTeX 25.3) (preloaded format=pdflatex 2025.4.12)  23 JUN 2025 19:08
entering extended mode
 restricted \write18 enabled.
 file:line:error style messages enabled.
 %&-line parsing enabled.
**c:/Users/javie/U/VD/Informe/informe.tex
(c:/Users/javie/U/VD/Informe/informe.tex
LaTeX2e <2024-11-01> patch level 2
L3 programming layer <2025-01-18>
(C:\Users\javie\AppData\Local\Programs\MiKTeX\tex/latex/base\article.cls
Document Class: article 2024/06/29 v1.4n Standard LaTeX document class
(C:\Users\javie\AppData\Local\Programs\MiKTeX\tex/latex/base\size12.clo
File: size12.clo 2024/06/29 v1.4n Standard LaTeX file (size option)
)
\c@part=\count196
\c@section=\count197
\c@subsection=\count198
\c@subsubsection=\count199
\c@paragraph=\count266
\c@subparagraph=\count267
\c@figure=\count268
\c@table=\count269
\abovecaptionskip=\skip49
\belowcaptionskip=\skip50
\bibindent=\dimen141
) (C:\Users\javie\AppData\Local\Programs\MiKTeX\tex/generic/babel\babel.sty
Package: babel 2025/03/27 v25.6 The multilingual framework for pdfLaTeX, LuaLaTeX and XeLaTeX
\babel@savecnt=\count270
\U@D=\dimen142
\l@unhyphenated=\language79
 (C:\Users\javie\AppData\Local\Programs\MiKTeX\tex/generic/babel\txtbabel.def)
\bbl@readstream=\read2
\bbl@dirlevel=\count271

*************************************
* Local config file bblopts.cfg used
*
(C:\Users\javie\AppData\Local\Programs\MiKTeX\tex/latex/arabi\bblopts.cfg
File: bblopts.cfg 2005/09/08 v0.1 add Arabic and Farsi to "declared" options of babel
) (C:\Users\javie\AppData\Local\Programs\MiKTeX\tex/latex/babel-spanish\spanish.ldf
Language: spanish.ldf 2021/05/27 v5.0q Spanish support from the babel system
\es@quottoks=\toks17
\es@quotdepth=\count272
Package babel Info: Making " an active character on input line 570.
Package babel Info: Making . an active character on input line 675.
Package babel Info: Making < an active character on input line 722.
Package babel Info: Making > an active character on input line 722.
)) (C:\Users\javie\AppData\Local\Programs\MiKTeX\tex/generic/babel/locale/es\babel-spanish.tex
Package babel Info: Importing font and identification data for spanish
(babel)             from babel-es.ini. Reported on input line 11.
) (C:\Users\javie\AppData\Local\Programs\MiKTeX\tex/latex/base\inputenc.sty
Package: inputenc 2024/02/08 v1.3d Input encoding file
\inpenc@prehook=\toks18
\inpenc@posthook=\toks19
) (C:\Users\javie\AppData\Local\Programs\MiKTeX\tex/latex/graphics\graphicx.sty
Package: graphicx 2021/09/16 v1.2d Enhanced LaTeX Graphics (DPC,SPQR)
 (C:\Users\javie\AppData\Local\Programs\MiKTeX\tex/latex/graphics\keyval.sty
Package: keyval 2022/05/29 v1.15 key=value parser (DPC)
\KV@toks@=\toks20
) (C:\Users\javie\AppData\Local\Programs\MiKTeX\tex/latex/graphics\graphics.sty
Package: graphics 2024/08/06 v1.4g Standard LaTeX Graphics (DPC,SPQR)
 (C:\Users\javie\AppData\Local\Programs\MiKTeX\tex/latex/graphics\trig.sty
Package: trig 2023/12/02 v1.11 sin cos tan (DPC)
) (C:\Users\javie\AppData\Local\Programs\MiKTeX\tex/latex/graphics-cfg\graphics.cfg
File: graphics.cfg 2016/06/04 v1.11 sample graphics configuration
)
Package graphics Info: Driver file: pdftex.def on input line 106.
 (C:\Users\javie\AppData\Local\Programs\MiKTeX\tex/latex/graphics-def\pdftex.def
File: pdftex.def 2024/04/13 v1.2c Graphics/color driver for pdftex
))
\Gin@req@height=\dimen143
\Gin@req@width=\dimen144
) (C:\Users\javie\AppData\Local\Programs\MiKTeX\tex/latex/geometry\geometry.sty
Package: geometry 2020/01/02 v5.9 Page Geometry
 (C:\Users\javie\AppData\Local\Programs\MiKTeX\tex/generic/iftex\ifvtex.sty
Package: ifvtex 2019/10/25 v1.7 ifvtex legacy package. Use iftex instead.
 (C:\Users\javie\AppData\Local\Programs\MiKTeX\tex/generic/iftex\iftex.sty
Package: iftex 2024/12/12 v1.0g TeX engine tests
))
\Gm@cnth=\count273
\Gm@cntv=\count274
\c@Gm@tempcnt=\count275
\Gm@bindingoffset=\dimen145
\Gm@wd@mp=\dimen146
\Gm@odd@mp=\dimen147
\Gm@even@mp=\dimen148
\Gm@layoutwidth=\dimen149
\Gm@layoutheight=\dimen150
\Gm@layouthoffset=\dimen151
\Gm@layoutvoffset=\dimen152
\Gm@dimlist=\toks21
 (C:\Users\javie\AppData\Local\Programs\MiKTeX\tex/latex/geometry\geometry.cfg)) (C:\Users\javie\AppData\Local\Programs\MiKTeX\tex/latex/fancyhdr\fancyhdr.sty
Package: fancyhdr 2025/02/07 v5.2 Extensive control of page headers and footers
\f@nch@headwidth=\skip51
\f@nch@offset@elh=\skip52
\f@nch@offset@erh=\skip53
\f@nch@offset@olh=\skip54
\f@nch@offset@orh=\skip55
\f@nch@offset@elf=\skip56
\f@nch@offset@erf=\skip57
\f@nch@offset@olf=\skip58
\f@nch@offset@orf=\skip59
\f@nch@height=\skip60
\f@nch@footalignment=\skip61
\f@nch@widthL=\skip62
\f@nch@widthC=\skip63
\f@nch@widthR=\skip64
\@temptokenb=\toks22
) (C:\Users\javie\AppData\Local\Programs\MiKTeX\tex/latex/float\float.sty
Package: float 2001/11/08 v1.3d Float enhancements (AL)
\c@float@type=\count276
\float@exts=\toks23
\float@box=\box52
\@float@everytoks=\toks24
\@floatcapt=\box53
) (C:\Users\javie\AppData\Local\Programs\MiKTeX\tex/latex/titling\titling.sty
Package: titling 2009/09/04 v2.1d maketitle typesetting
\thanksmarkwidth=\skip65
\thanksmargin=\skip66
\droptitle=\skip67
) (C:\Users\javie\AppData\Local\Programs\MiKTeX\tex/latex/hyperref\hyperref.sty
Package: hyperref 2024-11-05 v7.01l Hypertext links for LaTeX
 (C:\Users\javie\AppData\Local\Programs\MiKTeX\tex/latex/kvsetkeys\kvsetkeys.sty
Package: kvsetkeys 2022-10-05 v1.19 Key value parser (HO)
) (C:\Users\javie\AppData\Local\Programs\MiKTeX\tex/generic/kvdefinekeys\kvdefinekeys.sty
Package: kvdefinekeys 2019-12-19 v1.6 Define keys (HO)
) (C:\Users\javie\AppData\Local\Programs\MiKTeX\tex/generic/pdfescape\pdfescape.sty
Package: pdfescape 2019/12/09 v1.15 Implements pdfTeX's escape features (HO)
 (C:\Users\javie\AppData\Local\Programs\MiKTeX\tex/generic/ltxcmds\ltxcmds.sty
Package: ltxcmds 2023-12-04 v1.26 LaTeX kernel commands for general use (HO)
) (C:\Users\javie\AppData\Local\Programs\MiKTeX\tex/generic/pdftexcmds\pdftexcmds.sty
Package: pdftexcmds 2020-06-27 v0.33 Utility functions of pdfTeX for LuaTeX (HO)
 (C:\Users\javie\AppData\Local\Programs\MiKTeX\tex/generic/infwarerr\infwarerr.sty
Package: infwarerr 2019/12/03 v1.5 Providing info/warning/error messages (HO)
)
Package pdftexcmds Info: \pdf@primitive is available.
Package pdftexcmds Info: \pdf@ifprimitive is available.
Package pdftexcmds Info: \pdfdraftmode found.
)) (C:\Users\javie\AppData\Local\Programs\MiKTeX\tex/latex/hycolor\hycolor.sty
Package: hycolor 2020-01-27 v1.10 Color options for hyperref/bookmark (HO)
) (C:\Users\javie\AppData\Local\Programs\MiKTeX\tex/latex/hyperref\nameref.sty
Package: nameref 2023-11-26 v2.56 Cross-referencing by name of section
 (C:\Users\javie\AppData\Local\Programs\MiKTeX\tex/latex/refcount\refcount.sty
Package: refcount 2019/12/15 v3.6 Data extraction from label references (HO)
) (C:\Users\javie\AppData\Local\Programs\MiKTeX\tex/generic/gettitlestring\gettitlestring.sty
Package: gettitlestring 2019/12/15 v1.6 Cleanup title references (HO)
 (C:\Users\javie\AppData\Local\Programs\MiKTeX\tex/latex/kvoptions\kvoptions.sty
Package: kvoptions 2022-06-15 v3.15 Key value format for package options (HO)
))
\c@section@level=\count277
) (C:\Users\javie\AppData\Local\Programs\MiKTeX\tex/latex/etoolbox\etoolbox.sty
Package: etoolbox 2025/02/11 v2.5l e-TeX tools for LaTeX (JAW)
\etb@tempcnta=\count278
) (C:\Users\javie\AppData\Local\Programs\MiKTeX\tex/generic/stringenc\stringenc.sty
Package: stringenc 2019/11/29 v1.12 Convert strings between diff. encodings (HO)
)
\@linkdim=\dimen153
\Hy@linkcounter=\count279
\Hy@pagecounter=\count280
 (C:\Users\javie\AppData\Local\Programs\MiKTeX\tex/latex/hyperref\pd1enc.def
File: pd1enc.def 2024-11-05 v7.01l Hyperref: PDFDocEncoding definition (HO)
Now handling font encoding PD1 ...
... no UTF-8 mapping file for font encoding PD1
) (C:\Users\javie\AppData\Local\Programs\MiKTeX\tex/generic/intcalc\intcalc.sty
Package: intcalc 2019/12/15 v1.3 Expandable calculations with integers (HO)
)
\Hy@SavedSpaceFactor=\count281
 (C:\Users\javie\AppData\Local\Programs\MiKTeX\tex/latex/hyperref\puenc.def
File: puenc.def 2024-11-05 v7.01l Hyperref: PDF Unicode definition (HO)
Now handling font encoding PU ...
... no UTF-8 mapping file for font encoding PU
)
Package hyperref Info: Hyper figures OFF on input line 4157.
Package hyperref Info: Link nesting OFF on input line 4162.
Package hyperref Info: Hyper index ON on input line 4165.
Package hyperref Info: Plain pages OFF on input line 4172.
Package hyperref Info: Backreferencing OFF on input line 4177.
Package hyperref Info: Implicit mode ON; LaTeX internals redefined.
Package hyperref Info: Bookmarks ON on input line 4424.
\c@Hy@tempcnt=\count282
 (C:\Users\javie\AppData\Local\Programs\MiKTeX\tex/latex/url\url.sty
\Urlmuskip=\muskip17
Package: url 2013/09/16  ver 3.4  Verb mode for urls, etc.
)
LaTeX Info: Redefining \url on input line 4763.
\XeTeXLinkMargin=\dimen154
 (C:\Users\javie\AppData\Local\Programs\MiKTeX\tex/generic/bitset\bitset.sty
Package: bitset 2019/12/09 v1.3 Handle bit-vector datatype (HO)
 (C:\Users\javie\AppData\Local\Programs\MiKTeX\tex/generic/bigintcalc\bigintcalc.sty
Package: bigintcalc 2019/12/15 v1.5 Expandable calculations on big integers (HO)
))
\Fld@menulength=\count283
\Field@Width=\dimen155
\Fld@charsize=\dimen156
Package hyperref Info: Hyper figures OFF on input line 6042.
Package hyperref Info: Link nesting OFF on input line 6047.
Package hyperref Info: Hyper index ON on input line 6050.
Package hyperref Info: backreferencing OFF on input line 6057.
Package hyperref Info: Link coloring OFF on input line 6062.
Package hyperref Info: Link coloring with OCG OFF on input line 6067.
Package hyperref Info: PDF/A mode OFF on input line 6072.
 (C:\Users\javie\AppData\Local\Programs\MiKTeX\tex/latex/base\atbegshi-ltx.sty
Package: atbegshi-ltx 2021/01/10 v1.0c Emulation of the original atbegshi
package with kernel methods
)
\Hy@abspage=\count284
\c@Item=\count285
\c@Hfootnote=\count286
)
Package hyperref Info: Driver (autodetected): hpdftex.
 (C:\Users\javie\AppData\Local\Programs\MiKTeX\tex/latex/hyperref\hpdftex.def
File: hpdftex.def 2024-11-05 v7.01l Hyperref driver for pdfTeX
 (C:\Users\javie\AppData\Local\Programs\MiKTeX\tex/latex/base\atveryend-ltx.sty
Package: atveryend-ltx 2020/08/19 v1.0a Emulation of the original atveryend package
with kernel methods
)
\Fld@listcount=\count287
\c@bookmark@seq@number=\count288
 (C:\Users\javie\AppData\Local\Programs\MiKTeX\tex/latex/rerunfilecheck\rerunfilecheck.sty
Package: rerunfilecheck 2022-07-10 v1.10 Rerun checks for auxiliary files (HO)
 (C:\Users\javie\AppData\Local\Programs\MiKTeX\tex/generic/uniquecounter\uniquecounter.sty
Package: uniquecounter 2019/12/15 v1.4 Provide unlimited unique counter (HO)
)
Package uniquecounter Info: New unique counter `rerunfilecheck' on input line 285.
)
\Hy@SectionHShift=\skip68
) (C:\Users\javie\AppData\Local\Programs\MiKTeX\tex/latex/l3backend\l3backend-pdftex.def
File: l3backend-pdftex.def 2024-05-08 L3 backend support: PDF output (pdfTeX)
\l__color_backend_stack_int=\count289
\l__pdf_internal_box=\box54
) (c:\Users\javie\U\VD\Informe\build\informe.aux
LaTeX Info: Redefining \. on input line 11.
LaTeX Info: Redefining \% on input line 11.
Package babel Info: 'spanish' activates 'spanish' shorthands.
(babel)             Reported  on input line 11.
)
\openout1 = `informe.aux'.

LaTeX Font Info:    Checking defaults for OML/cmm/m/it on input line 29.
LaTeX Font Info:    ... okay on input line 29.
LaTeX Font Info:    Checking defaults for OMS/cmsy/m/n on input line 29.
LaTeX Font Info:    ... okay on input line 29.
LaTeX Font Info:    Checking defaults for OT1/cmr/m/n on input line 29.
LaTeX Font Info:    ... okay on input line 29.
LaTeX Font Info:    Checking defaults for T1/cmr/m/n on input line 29.
LaTeX Font Info:    ... okay on input line 29.
LaTeX Font Info:    Checking defaults for TS1/cmr/m/n on input line 29.
LaTeX Font Info:    ... okay on input line 29.
LaTeX Font Info:    Checking defaults for OMX/cmex/m/n on input line 29.
LaTeX Font Info:    ... okay on input line 29.
LaTeX Font Info:    Checking defaults for U/cmr/m/n on input line 29.
LaTeX Font Info:    ... okay on input line 29.
LaTeX Font Info:    Checking defaults for PD1/pdf/m/n on input line 29.
LaTeX Font Info:    ... okay on input line 29.
LaTeX Font Info:    Checking defaults for PU/pdf/m/n on input line 29.
LaTeX Font Info:    ... okay on input line 29.
LaTeX Info: Redefining \. on input line 29.
LaTeX Info: Redefining \% on input line 29.
 (C:\Users\javie\AppData\Local\Programs\MiKTeX\tex/context/base/mkii\supp-pdf.mkii
[Loading MPS to PDF converter (version 2006.09.02).]
\scratchcounter=\count290
\scratchdimen=\dimen157
\scratchbox=\box55
\nofMPsegments=\count291
\nofMParguments=\count292
\everyMPshowfont=\toks25
\MPscratchCnt=\count293
\MPscratchDim=\dimen158
\MPnumerator=\count294
\makeMPintoPDFobject=\count295
\everyMPtoPDFconversion=\toks26
) (C:\Users\javie\AppData\Local\Programs\MiKTeX\tex/latex/epstopdf-pkg\epstopdf-base.sty
Package: epstopdf-base 2020-01-24 v2.11 Base part for package epstopdf
Package epstopdf-base Info: Redefining graphics rule for `.eps' on input line 485.
 (C:\Users\javie\AppData\Local\Programs\MiKTeX\tex/latex/00miktex\epstopdf-sys.cfg
File: epstopdf-sys.cfg 2021/03/18 v2.0 Configuration of epstopdf for MiKTeX
))
*geometry* driver: auto-detecting
*geometry* detected driver: pdftex
*geometry* verbose mode - [ preamble ] result:
* driver: pdftex
* paper: a4paper
* layout: <same size as paper>
* layoutoffset:(h,v)=(0.0pt,0.0pt)
* modes: 
* h-part:(L,W,R)=(72.26999pt, 452.9679pt, 72.26999pt)
* v-part:(T,H,B)=(72.26999pt, 700.50687pt, 72.26999pt)
* \paperwidth=597.50787pt
* \paperheight=845.04684pt
* \textwidth=452.9679pt
* \textheight=700.50687pt
* \oddsidemargin=0.0pt
* \evensidemargin=0.0pt
* \topmargin=-48.45274pt
* \headheight=20.0pt
* \headsep=28.45274pt
* \topskip=12.0pt
* \footskip=30.0pt
* \marginparwidth=35.0pt
* \marginparsep=10.0pt
* \columnsep=10.0pt
* \skip\footins=10.8pt plus 4.0pt minus 2.0pt
* \hoffset=0.0pt
* \voffset=0.0pt
* \mag=1000
* \@twocolumnfalse
* \@twosidefalse
* \@mparswitchfalse
* \@reversemarginfalse
* (1in=72.27pt=25.4mm, 1cm=28.453pt)

Package hyperref Info: Link coloring OFF on input line 29.
(c:\Users\javie\U\VD\Informe\build\informe.out) (c:\Users\javie\U\VD\Informe\build\informe.out)
\@outlinefile=\write3
\openout3 = `informe.out'.

LaTeX Font Info:    External font `cmex10' loaded for size
(Font)              <12> on input line 39.
LaTeX Font Info:    External font `cmex10' loaded for size
(Font)              <8> on input line 39.
LaTeX Font Info:    External font `cmex10' loaded for size
(Font)              <6> on input line 39.


<images/logo-usm.png, id=15, 736.9131pt x 338.9463pt>
File: images/logo-usm.png Graphic file (type png)
<use images/logo-usm.png>
Package pdftex.def Info: images/logo-usm.png  used on input line 49.
(pdftex.def)             Requested size: 74.2241pt x 34.14322pt.

Package fancyhdr Warning: \headheight is too small (20.0pt): 
(fancyhdr)                Make it at least 38.49326pt, for example:
(fancyhdr)                \setlength{\headheight}{38.49326pt}.
(fancyhdr)                You might also make \topmargin smaller:
(fancyhdr)                \addtolength{\topmargin}{-18.49326pt}.

[1{C:/Users/javie/AppData/Local/MiKTeX/fonts/map/pdftex/pdftex.map}

 <./images/logo-usm.png

pdfTeX warning: pdflatex (file ./images/logo-usm.png): large interlaced PNG might cause out of memory (use non-interlaced PNG to fix this)
>]
LaTeX Font Info:    External font `cmex10' loaded for size
(Font)              <14.4> on input line 49.
LaTeX Font Info:    External font `cmex10' loaded for size
(Font)              <7> on input line 49.
<images/uso_internet.png, id=28, 1387.584pt x 733.5405pt>
File: images/uso_internet.png Graphic file (type png)
<use images/uso_internet.png>
Package pdftex.def Info: images/uso_internet.png  used on input line 54.
(pdftex.def)             Requested size: 362.37569pt x 191.56668pt.
<images/Ficha_Calor.png, id=29, 440.39531pt x 444.91219pt>
File: images/Ficha_Calor.png Graphic file (type png)
<use images/Ficha_Calor.png>
Package pdftex.def Info: images/Ficha_Calor.png  used on input line 75.
(pdftex.def)             Requested size: 362.37569pt x 366.10664pt.


[2 <./images/uso_internet.png>]

File: images/logo-usm.png Graphic file (type png)
<use images/logo-usm.png>
Package pdftex.def Info: images/logo-usm.png  used on input line 81.
(pdftex.def)             Requested size: 74.2241pt x 34.14322pt.

Package fancyhdr Warning: \headheight is too small (20.0pt): 
(fancyhdr)                Make it at least 38.49326pt, for example:
(fancyhdr)                \setlength{\headheight}{38.49326pt}.
(fancyhdr)                You might also make \topmargin smaller:
(fancyhdr)                \addtolength{\topmargin}{-18.49326pt}.

[3 <./images/Ficha_Calor.png>]
Overfull \hbox (8.20392pt too wide) in paragraph at lines 85--85
[][]\OT1/cmr/bx/n/17.28 Visualizaci^^Son 2: Cuo-ta de mer-ca-do re-des so-cia-les (2024) 
 []

<images/radialbar.png, id=46, 686.565pt x 753.81625pt>
File: images/radialbar.png Graphic file (type png)
<use images/radialbar.png>
Package pdftex.def Info: images/radialbar.png  used on input line 89.
(pdftex.def)             Requested size: 362.37569pt x 397.86438pt.


File: images/logo-usm.png Graphic file (type png)
<use images/logo-usm.png>
Package pdftex.def Info: images/logo-usm.png  used on input line 104.
(pdftex.def)             Requested size: 74.2241pt x 34.14322pt.

Package fancyhdr Warning: \headheight is too small (20.0pt): 
(fancyhdr)                Make it at least 38.49326pt, for example:
(fancyhdr)                \setlength{\headheight}{38.49326pt}.
(fancyhdr)                You might also make \topmargin smaller:
(fancyhdr)                \addtolength{\topmargin}{-18.49326pt}.

[4 <./images/radialbar.png>]
<images/Ficha_radialbar.png, id=55, 440.39531pt x 298.86656pt>
File: images/Ficha_radialbar.png Graphic file (type png)
<use images/Ficha_radialbar.png>
Package pdftex.def Info: images/Ficha_radialbar.png  used on input line 110.
(pdftex.def)             Requested size: 362.37569pt x 245.92949pt.


File: images/logo-usm.png Graphic file (type png)
<use images/logo-usm.png>
Package pdftex.def Info: images/logo-usm.png  used on input line 116.
(pdftex.def)             Requested size: 74.2241pt x 34.14322pt.

Package fancyhdr Warning: \headheight is too small (20.0pt): 
(fancyhdr)                Make it at least 38.49326pt, for example:
(fancyhdr)                \setlength{\headheight}{38.49326pt}.
(fancyhdr)                You might also make \topmargin smaller:
(fancyhdr)                \addtolength{\topmargin}{-18.49326pt}.

[5 <./images/Ficha_radialbar.png>]
<images/treemap.png, id=63, 796.9775pt x 532.99126pt>
File: images/treemap.png Graphic file (type png)
<use images/treemap.png>
Package pdftex.def Info: images/treemap.png  used on input line 122.
(pdftex.def)             Requested size: 362.37569pt x 242.3406pt.
<images/Ficha_jg2.png, id=64, 450.18187pt x 493.0922pt>
File: images/Ficha_jg2.png Graphic file (type png)
<use images/Ficha_jg2.png>
Package pdftex.def Info: images/Ficha_jg2.png  used on input line 143.
(pdftex.def)             Requested size: 362.37569pt x 396.93463pt.


File: images/logo-usm.png Graphic file (type png)
<use images/logo-usm.png>
Package pdftex.def Info: images/logo-usm.png  used on input line 146.
(pdftex.def)             Requested size: 74.2241pt x 34.14322pt.

Package fancyhdr Warning: \headheight is too small (20.0pt): 
(fancyhdr)                Make it at least 38.49326pt, for example:
(fancyhdr)                \setlength{\headheight}{38.49326pt}.
(fancyhdr)                You might also make \topmargin smaller:
(fancyhdr)                \addtolength{\topmargin}{-18.49326pt}.

[6 <./images/treemap.png>]

File: images/logo-usm.png Graphic file (type png)
<use images/logo-usm.png>
Package pdftex.def Info: images/logo-usm.png  used on input line 150.
(pdftex.def)             Requested size: 74.2241pt x 34.14322pt.

Package fancyhdr Warning: \headheight is too small (20.0pt): 
(fancyhdr)                Make it at least 38.49326pt, for example:
(fancyhdr)                \setlength{\headheight}{38.49326pt}.
(fancyhdr)                You might also make \topmargin smaller:
(fancyhdr)                \addtolength{\topmargin}{-18.49326pt}.

[7 <./images/Ficha_jg2.png>]
<images/boxplot.png, id=81, 711.1368pt x 422.0568pt>
File: images/boxplot.png Graphic file (type png)
<use images/boxplot.png>
Package pdftex.def Info: images/boxplot.png  used on input line 157.
(pdftex.def)             Requested size: 362.37569pt x 215.06578pt.
<images/ficha_jg1.png, id=82, 493.0922pt x 520.94624pt>
File: images/ficha_jg1.png Graphic file (type png)
<use images/ficha_jg1.png>
Package pdftex.def Info: images/ficha_jg1.png  used on input line 179.
(pdftex.def)             Requested size: 362.37569pt x 382.86307pt.


File: images/logo-usm.png Graphic file (type png)
<use images/logo-usm.png>
Package pdftex.def Info: images/logo-usm.png  used on input line 182.
(pdftex.def)             Requested size: 74.2241pt x 34.14322pt.

Package fancyhdr Warning: \headheight is too small (20.0pt): 
(fancyhdr)                Make it at least 38.49326pt, for example:
(fancyhdr)                \setlength{\headheight}{38.49326pt}.
(fancyhdr)                You might also make \topmargin smaller:
(fancyhdr)                \addtolength{\topmargin}{-18.49326pt}.

[8 <./images/boxplot.png>]

File: images/logo-usm.png Graphic file (type png)
<use images/logo-usm.png>
Package pdftex.def Info: images/logo-usm.png  used on input line 186.
(pdftex.def)             Requested size: 74.2241pt x 34.14322pt.

Package fancyhdr Warning: \headheight is too small (20.0pt): 
(fancyhdr)                Make it at least 38.49326pt, for example:
(fancyhdr)                \setlength{\headheight}{38.49326pt}.
(fancyhdr)                You might also make \topmargin smaller:
(fancyhdr)                \addtolength{\topmargin}{-18.49326pt}.

[9 <./images/ficha_jg1.png>]
<images/flujo_ataque.png, id=100, 1119.43219pt x 772.38562pt>
File: images/flujo_ataque.png Graphic file (type png)
<use images/flujo_ataque.png>
Package pdftex.def Info: images/flujo_ataque.png  used on input line 192.
(pdftex.def)             Requested size: 362.37569pt x 250.03235pt.

Overfull \hbox (21.47069pt too wide) in paragraph at lines 198--199
[]\OT1/cmr/bx/n/12 Marca: \OT1/cmr/m/n/12 Co-ne-xio-nes vi-sua-les de ata-ques des-de pa^^S^^Ps ori-gen ha-cia pa^^S^^Ps v^^S^^Pcti-ma (2014{2024) 
 []

<images/Ficha_archlayer.png, id=101, 440.39531pt x 332.74312pt>
File: images/Ficha_archlayer.png Graphic file (type png)
<use images/Ficha_archlayer.png>
Package pdftex.def Info: images/Ficha_archlayer.png  used on input line 217.
(pdftex.def)             Requested size: 362.37569pt x 273.80563pt.


File: images/logo-usm.png Graphic file (type png)
<use images/logo-usm.png>
Package pdftex.def Info: images/logo-usm.png  used on input line 220.
(pdftex.def)             Requested size: 74.2241pt x 34.14322pt.

Package fancyhdr Warning: \headheight is too small (20.0pt): 
(fancyhdr)                Make it at least 38.49326pt, for example:
(fancyhdr)                \setlength{\headheight}{38.49326pt}.
(fancyhdr)                You might also make \topmargin smaller:
(fancyhdr)                \addtolength{\topmargin}{-18.49326pt}.

[10 <./images/flujo_ataque.png>]

File: images/logo-usm.png Graphic file (type png)
<use images/logo-usm.png>
Package pdftex.def Info: images/logo-usm.png  used on input line 223.
(pdftex.def)             Requested size: 74.2241pt x 34.14322pt.

Package fancyhdr Warning: \headheight is too small (20.0pt): 
(fancyhdr)                Make it at least 38.49326pt, for example:
(fancyhdr)                \setlength{\headheight}{38.49326pt}.
(fancyhdr)                You might also make \topmargin smaller:
(fancyhdr)                \addtolength{\topmargin}{-18.49326pt}.

[11 <./images/Ficha_archlayer.png>]
<images/SANKEY_FC.png, id=117, 796.9775pt x 577.15625pt>
File: images/SANKEY_FC.png Graphic file (type png)
<use images/SANKEY_FC.png>
Package pdftex.def Info: images/SANKEY_FC.png  used on input line 231.
(pdftex.def)             Requested size: 362.37569pt x 262.42155pt.
<images/Ficha_sankey.png, id=118, 447.17062pt x 370.38374pt>
File: images/Ficha_sankey.png Graphic file (type png)
<use images/Ficha_sankey.png>
Package pdftex.def Info: images/Ficha_sankey.png  used on input line 254.
(pdftex.def)             Requested size: 362.37569pt x 300.15611pt.


File: images/logo-usm.png Graphic file (type png)
<use images/logo-usm.png>
Package pdftex.def Info: images/logo-usm.png  used on input line 257.
(pdftex.def)             Requested size: 74.2241pt x 34.14322pt.

Package fancyhdr Warning: \headheight is too small (20.0pt): 
(fancyhdr)                Make it at least 38.49326pt, for example:
(fancyhdr)                \setlength{\headheight}{38.49326pt}.
(fancyhdr)                You might also make \topmargin smaller:
(fancyhdr)                \addtolength{\topmargin}{-18.49326pt}.

[12 <./images/SANKEY_FC.png>]

File: images/logo-usm.png Graphic file (type png)
<use images/logo-usm.png>
Package pdftex.def Info: images/logo-usm.png  used on input line 260.
(pdftex.def)             Requested size: 74.2241pt x 34.14322pt.

Package fancyhdr Warning: \headheight is too small (20.0pt): 
(fancyhdr)                Make it at least 38.49326pt, for example:
(fancyhdr)                \setlength{\headheight}{38.49326pt}.
(fancyhdr)                You might also make \topmargin smaller:
(fancyhdr)                \addtolength{\topmargin}{-18.49326pt}.

[13 <./images/Ficha_sankey.png>] (c:\Users\javie\U\VD\Informe\build\informe.aux
LaTeX Info: Redefining \. on input line 11.
LaTeX Info: Redefining \% on input line 11.
)
 ***********
LaTeX2e <2024-11-01> patch level 2
L3 programming layer <2025-01-18>
 ***********
Package rerunfilecheck Info: File `informe.out' has not changed.
(rerunfilecheck)             Checksum: 1F85E190E0D71C5704804DC84BE4A673;371.
 ) 
Here is how much of TeX's memory you used:
 11051 strings out of 473523
 178191 string characters out of 5714630
 597472 words of memory out of 5000000
 34118 multiletter control sequences out of 15000+600000
 564858 words of font info for 56 fonts, out of 8000000 for 9000
 1141 hyphenation exceptions out of 8191
 75i,15n,79p,678b,530s stack positions out of 10000i,1000n,20000p,200000b,200000s
 <C:\Users\javie\AppData\Local\MiKTeX\fonts/pk/ljfour/jknappen/ec/dpi600\tcrm1200.pk><C:/Users/javie/AppData/Local/Programs/MiKTeX/fonts/type1/public/amsfonts/cm/cmbx12.pfb><C:/Users/javie/AppData/Local/Programs/MiKTeX/fonts/type1/public/amsfonts/cm/cmr12.pfb><C:/Users/javie/AppData/Local/Programs/MiKTeX/fonts/type1/public/amsfonts/cm/cmr17.pfb><C:/Users/javie/AppData/Local/Programs/MiKTeX/fonts/type1/public/amsfonts/cm/cmr8.pfb><C:/Users/javie/AppData/Local/Programs/MiKTeX/fonts/type1/public/amsfonts/cm/cmti12.pfb><C:/Users/javie/AppData/Local/Programs/MiKTeX/fonts/type1/public/amsfonts/cm/cmtt12.pfb>
Output written on c:\Users\javie\U\VD\Informe\build\informe.pdf (13 pages, 1123255 bytes).
PDF statistics:
 180 PDF objects out of 1000 (max. 8388607)
 47 named destinations out of 1000 (max. 500000)
 82 words of extra memory for PDF output out of 10000 (max. 10000000)

